=== SIPSorcery DataChannel 吞吐 spike ===
  总量      : 64 MiB
  分片      : 64 KiB
  背压水位  : 8 MiB
  分片总数  : 1,024
  SCTP 节拍 : 5 ms（反射改写）

请用 Chrome 或 Edge 打开  http://localhost:5092
（localhost 属于 secure context，所以 http 下 WebRTC 也可用）

info: Microsoft.Hosting.Lifetime[14] Now listening on: http://localhost:5092
info: Microsoft.Hosting.Lifetime[0] Application started. Press Ctrl+C to shut down.
info: Microsoft.Hosting.Lifetime[0] Hosting environment: Production
info: Microsoft.Hosting.Lifetime[0] Content root path: D:\VSProjects\P2P High-Speed File Transfer Platform\spike\SipSorceryThroughput
浏览器已连接，开始协商…
  ICE 状态 -> checking
  已应用 answer：OK
  ICE 状态 -> connected
  连接状态 -> connecting
  连接状态 -> connected
  DataChannel 已打开
  SCTP 初始状态: cwnd    4.3 KiB | ssthresh     256 KiB | rwnd  4,608 KiB | 在途    0.0 KiB | 节拍  50 ms | 理论上限   0.08 MiB/s
  已把发送节拍从 50 ms 改写为 5 ms（反射，仅诊断用）

开始传输：
  [00:10] 已发        8 MiB |     0.8 MiB/s | 缓冲    4.1 MiB | 托管堆    7.2 MiB | 工作集  114.7 MiB
            SCTP: cwnd   20.2 KiB | ssthresh     256 KiB | rwnd  4,606 KiB | 在途   14.1 KiB | 节拍   5 ms | 理论上限   3.95 MiB/s
  [00:20] 已发       12 MiB |     0.4 MiB/s | 缓冲    4.1 MiB | 托管堆   38.2 MiB | 工作集  116.2 MiB
            SCTP: cwnd   22.6 KiB | ssthresh     256 KiB | rwnd  4,549 KiB | 在途   18.3 KiB | 节拍   5 ms | 理论上限   4.41 MiB/s
  [00:29] 已发       16 MiB |     0.4 MiB/s | 缓冲    4.1 MiB | 托管堆   42.0 MiB | 工作集  121.9 MiB
            SCTP: cwnd   22.6 KiB | ssthresh     256 KiB | rwnd  4,544 KiB | 在途   23.0 KiB | 节拍   5 ms | 理论上限   4.41 MiB/s
  [00:39] 已发       20 MiB |     0.4 MiB/s | 缓冲    4.1 MiB | 托管堆   45.7 MiB | 工作集  126.6 MiB
            SCTP: cwnd   22.6 KiB | ssthresh     256 KiB | rwnd  4,552 KiB | 在途   18.3 KiB | 节拍   5 ms | 理论上限   4.41 MiB/s
  [00:48] 已发       24 MiB |     0.4 MiB/s | 缓冲    4.1 MiB | 托管堆   35.1 MiB | 工作集  124.0 MiB
            SCTP: cwnd   23.7 KiB | ssthresh     256 KiB | rwnd  4,551 KiB | 在途   18.3 KiB | 节拍   5 ms | 理论上限   4.64 MiB/s
  [00:57] 已发       28 MiB |     0.4 MiB/s | 缓冲    4.1 MiB | 托管堆   39.3 MiB | 工作集  129.2 MiB
            SCTP: cwnd   24.9 KiB | ssthresh     256 KiB | rwnd  4,604 KiB | 在途    9.4 KiB | 节拍   5 ms | 理论上限   4.87 MiB/s
  [01:07] 已发       32 MiB |     0.4 MiB/s | 缓冲    4.0 MiB | 托管堆   44.5 MiB | 工作集  129.3 MiB
            SCTP: cwnd   26.1 KiB | ssthresh     256 KiB | rwnd  4,544 KiB | 在途   18.3 KiB | 节拍   5 ms | 理论上限   5.10 MiB/s
  [01:16] 已发       37 MiB |     0.4 MiB/s | 缓冲    4.1 MiB | 托管堆   49.8 MiB | 工作集  134.0 MiB
            SCTP: cwnd   26.1 KiB | ssthresh     256 KiB | rwnd  4,601 KiB | 在途   14.1 KiB | 节拍   5 ms | 理论上限   5.10 MiB/s
  [01:26] 已发       41 MiB |     0.4 MiB/s | 缓冲    4.1 MiB | 托管堆   55.0 MiB | 工作集  139.1 MiB
            SCTP: cwnd   26.1 KiB | ssthresh     256 KiB | rwnd  4,606 KiB | 在途    9.4 KiB | 节拍   5 ms | 理论上限   5.10 MiB/s
  [01:35] 已发       45 MiB |     0.4 MiB/s | 缓冲    4.1 MiB | 托管堆   60.2 MiB | 工作集  144.5 MiB
            SCTP: cwnd   26.1 KiB | ssthresh     256 KiB | rwnd  4,549 KiB | 在途   23.0 KiB | 节拍   5 ms | 理论上限   5.10 MiB/s
  [01:45] 已发       49 MiB |     0.4 MiB/s | 缓冲    4.1 MiB | 托管堆   39.8 MiB | 工作集  153.1 MiB
            SCTP: cwnd   26.1 KiB | ssthresh     256 KiB | rwnd  4,548 KiB | 在途   18.3 KiB | 节拍   5 ms | 理论上限   5.10 MiB/s
  [01:54] 已发       53 MiB |     0.4 MiB/s | 缓冲    4.1 MiB | 托管堆   45.4 MiB | 工作集  157.0 MiB
            SCTP: cwnd   26.1 KiB | ssthresh     256 KiB | rwnd  4,607 KiB | 在途    9.4 KiB | 节拍   5 ms | 理论上限   5.10 MiB/s
  [02:04] 已发       57 MiB |     0.4 MiB/s | 缓冲    4.1 MiB | 托管堆   51.3 MiB | 工作集  161.2 MiB
            SCTP: cwnd   26.1 KiB | ssthresh     256 KiB | rwnd  4,552 KiB | 在途   18.3 KiB | 节拍   5 ms | 理论上限   5.10 MiB/s
  [02:13] 已发       61 MiB |     0.4 MiB/s | 缓冲    4.1 MiB | 托管堆   57.0 MiB | 工作集  165.2 MiB
            SCTP: cwnd   26.1 KiB | ssthresh     256 KiB | rwnd  4,549 KiB | 在途   18.3 KiB | 节拍   5 ms | 理论上限   5.10 MiB/s
  发送循环结束，等待缓冲排空…

  SCTP 终态: cwnd   26.1 KiB | ssthresh     256 KiB | rwnd  4,608 KiB | 在途    0.0 KiB | 节拍   5 ms | 理论上限   5.10 MiB/s

================ 结果 ================
  分片大小        : 64 KiB
  背压水位        : 8 MiB

  发送字节        : 67,108,864
  接收字节        : 67,108,864  ✓ 一致
  序号连续性      : ✓ 全部连续，无丢失无错序

  .NET 侧耗时     : 149.83 s
  .NET 侧吞吐     : 0.4 MiB/s  (0.00 Gbit/s)
  浏览器侧耗时    : 149.45 s
  浏览器侧吞吐    : 0.4 MiB/s

  托管堆峰值      : 76.3 MiB
  工作集峰值      : 169.3 MiB
  bufferedAmount 峰值 : 8.1 MiB

  背压触发次数    : 14
  背压等待总时长  : 133.37 s（占 89.0%）

  判定：
    数据完整      : 通过
    背压有效      : 通过
    内存可控      : 通过

  => 假设成立。按此吞吐，20 GiB 在本机回环需 13.32 小时；
     真实场景瓶颈是家庭上行带宽，不是这一层。
======================================
  连接状态 -> closed
