=== libdatachannel DataChannel 吞吐 spike ===
  总量        : 512 MiB
  分片        : 64 KiB
  背压水位    : 32 MiB
  单条上限    : 256 KiB
  SCTP 发送缓冲: 库默认
  SCTP 队列上限: 库默认

请用 Chrome 或 Edge 打开  http://localhost:5202

浏览器已连接，开始协商…
  ICE 状态 -> RTC_ICE_CHECKING
  连接状态 -> RTC_CONNECTING
  已应用 answer
  ICE 状态 -> RTC_ICE_CONNECTED
  ICE 状态 -> RTC_ICE_COMPLETED
  连接状态 -> RTC_CONNECTED
  DataChannel 已打开
  原生通道 id = 2，初始缓冲 = 0 字节

开始传输：
  [00:01] 已发      104 MiB |     91.9 MiB/s | 缓冲   15.8 MiB | 托管堆    2.0 MiB | 工作集    83.3 MiB
  [00:02] 已发      187 MiB |     75.6 MiB/s | 缓冲   15.9 MiB | 托管堆    2.4 MiB | 工作集    85.6 MiB
  [00:03] 已发      269 MiB |     74.3 MiB/s | 缓冲   15.9 MiB | 托管堆    1.9 MiB | 工作集    85.7 MiB
  [00:04] 已发      352 MiB |     78.1 MiB/s | 缓冲   15.8 MiB | 托管堆    2.1 MiB | 工作集    85.6 MiB
  [00:05] 已发      435 MiB |     76.8 MiB/s | 缓冲   15.4 MiB | 托管堆    2.1 MiB | 工作集    85.3 MiB
  发送循环结束，等待缓冲排空…

================ 结果 ================
  库              : libdatachannel (DataChannelDotnet 1.3.1)
  分片大小        : 64 KiB
  背压水位        : 32 MiB

  发送字节        : 536,870,912
  接收字节        : 536,870,912  ✓ 一致
  序号连续性      : ✓ 全部连续，无丢失无错序

  .NET 侧耗时     : 6.68 s
  .NET 侧吞吐     : 76.7 MiB/s  (0.60 Gbit/s)
  浏览器侧耗时    : 6.68 s
  浏览器侧吞吐    : 76.6 MiB/s

  托管堆峰值      : 2.4 MiB
  工作集峰值      : 85.7 MiB
  bufferedAmount 峰值 : 32.1 MiB

  背压触发次数    : 23
  背压等待总时长  : 4.93 s（占 73.8%）

  判定：
    数据完整      : 通过
    背压有效      : 通过
    内存可控      : 通过
    吞吐达标      : 通过

  按此吞吐，20 GiB 需 0.07 小时（本机回环）。

  => 假设成立：libdatachannel 可以承担主传输通道。
======================================
  连接状态 -> RTC_DISCONNECTED
  ICE 状态 -> RTC_ICE_CLOSED
  连接状态 -> RTC_CLOSED
